; PDP-11 Assembler — Листинг
; Файл: test/asm_programs/test1_mov.asm
;
АДРЕС КОД    ИСХОДНИК
------------------------------------------------------------------------        
                  ; test1_mov.asm - проверка MOV и регистров
           = 001000      .ORG 01000
                      .EVEN
                  
001000:          START:
001000: 012700       MOV #123, R0
001002: 000123   ; src-ext
001004: 012701       MOV #456, R1
001006: 000456   ; src-ext
001010: 010002       MOV R0, R2
001012: 010103       MOV R1, R3
001014: 010204       MOV R2, R4
001016: 010305       MOV R3, R5
                      
001020: 000000       HALT
                      

------------------------------------------------------------------------
ТАБЛИЦА СИМВОЛОВ:
  START                            001000
